// Jest Snapshot v1, https://goo.gl/fbAQLP

exports[`AccordionEdit should render correctly 1`] = `
<div
  className="accordion ui default"
>
  <h3
    className="active title accordion-title align-arrow-right"
    onClick={[Function]}
  >
    <i
      aria-hidden="true"
      className="chevron left tiny icon"
      onClick={[Function]}
    />
    <div
      className="ui fluid transparent input input-accordion-title"
    >
      <input
        onChange={[Function]}
        onClick={[Function]}
        placeholder="Enter Title"
        type="text"
        value="Panel Title"
      />
    </div>
  </h3>
  <div
    aria-hidden={false}
    className="rah-static rah-static--height-auto"
    style={
      Object {
        "height": "auto",
        "overflow": "visible",
      }
    }
  >
    <div
      style={
        Object {
          "WebkitTransition": "opacity 500ms ease 0ms",
          "transition": "opacity 500ms ease 0ms",
        }
      }
    >
      <div
        className="content active"
      />
    </div>
  </div>
</div>
`;
